// Jest Snapshot v1, https://goo.gl/fbAQLP

exports[`HistoryItem component renders HistoryItem 1`] = `
<DocumentFragment>
  <div
    class="historyitem"
  >
    <span
      class="methodarea"
    >
      POST
    </span>
    <span
      class="urlarea"
    >
      www.google.com
    </span>
  </div>
</DocumentFragment>
`;
