// Jest Snapshot v1, https://goo.gl/fbAQLP

exports[`History component renders History 1`] = `
<DocumentFragment>
  <div
    class="historylist"
  >
    History:
    <div
      class="historyitem"
      id="10/22/20"
    >
      <span
        class="datearea"
      >
        10/22/20
      </span>
      <span
        class="methodarea"
      >
        GET
      </span>
      <span
        class="urlarea"
      >
        futuramaapi.herokuapp.com/api/v2/characters
      </span>
    </div>
    <div
      class="historyitem"
      id="10/23/20"
    >
      <span
        class="datearea"
      >
        10/23/20
      </span>
      <span
        class="methodarea"
      >
        GET
      </span>
      <span
        class="urlarea"
      >
        futuramaapi.herokuapp.com/api/quotes
      </span>
    </div>
  </div>
</DocumentFragment>
`;
